[2026-03-21 02:26:57] [INFO] Log file: ./logs/build_20260321_022657.log
[2026-03-21 02:26:57] [PHASE] ═══════════════════════════════════════════════════
[2026-03-21 02:26:57] [PHASE]   PRE-FLIGHT CHECKS
[2026-03-21 02:26:57] [PHASE] ═══════════════════════════════════════════════════
[2026-03-21 02:26:58] [SUCCESS] Docker is available
[2026-03-21 02:26:58] [SUCCESS] Disk space OK: 140GB available
[2026-03-21 02:26:58] [SUCCESS] Pre-flight checks passed
[2026-03-21 02:26:58] [PHASE] ═══════════════════════════════════════════════════
[2026-03-21 02:26:58] [PHASE]   PHASE 1/6: CLEANUP
[2026-03-21 02:26:58] [PHASE] ═══════════════════════════════════════════════════
[2026-03-21 02:26:58] [INFO] Cleaning up old containers...
[2026-03-21 02:26:58] [PHASE] ═══════════════════════════════════════════════════
[2026-03-21 02:26:58] [PHASE]   PHASE 2/6: BUILD DOCKER IMAGE
[2026-03-21 02:26:58] [PHASE] ═══════════════════════════════════════════════════
[2026-03-21 02:26:58] [INFO] Building Docker image: taaos-builder:torvalds...
[2026-03-21 02:27:01] [SUCCESS] Docker image built successfully
[2026-03-21 02:27:01] [PHASE] ═══════════════════════════════════════════════════
[2026-03-21 02:27:01] [PHASE]   PHASE 3/6: START ISOLATED CONTAINER
[2026-03-21 02:27:01] [PHASE] ═══════════════════════════════════════════════════
[2026-03-21 02:27:01] [INFO] Starting container: taaos_factory_1774049217...
[2026-03-21 02:27:02] [SUCCESS] Container started successfully
[2026-03-21 02:27:02] [PHASE] ═══════════════════════════════════════════════════
[2026-03-21 02:27:02] [PHASE]   PHASE 4/6: SURGICAL FILE INJECTION
[2026-03-21 02:27:02] [PHASE] ═══════════════════════════════════════════════════
[2026-03-21 02:27:02] [INFO] Creating directory structure inside container...
